https://www.youtube.com/watch?v=ybt9MfQRLA4

********* Инициализация с плагином flow ************
:\_my\_Courses\gitflow>git flow init
Initialized empty Git repository in c:/_my/_Courses/gitflow/.git/
No branches exist yet. Base branches must be created now.
Branch name for production releases: [master]
Branch name for "next release" development: [develop]

How to name your supporting branch prefixes?
Feature branches? [feature/]
Bugfix branches? [bugfix/]
Release branches? [release/]
Hotfix branches? [hotfix/]
Support branches? [support/]
Version tag prefix? [] v
Hooks and filters directory? [C:/_my/_Courses/gitflow/.git/hooks]

******* Добавляем удаленный репозиторий *********
c:\_my\_Courses\gitflow>git remote add origin https://github.com/Skysamara/gitflow.git

c:\_my\_Courses\gitflow>git status
On branch develop - *** git flow автоматически переключил на ветку разработки ****
Untracked files:
  (use "git add <file>..." to include in what will be committed)
        Git with Flow plugin.txt

nothing added to commit but untracked files present (use "git add" to track)

******** Начинаем разработку новой фичи ************
****     git flow сам создает нужный бранч      ****
c:\_my\_Courses\gitflow>git flow feature start myfeature
Switched to a new branch 'feature/myfeature'

Summary of actions:
- A new branch 'feature/myfeature' was created, based on 'develop'
- You are now on branch 'feature/myfeature'

Now, start committing on your feature. When done, use:

     git flow feature finish myfeature


c:\_my\_Courses\gitflow>git status
On branch feature/myfeature
Untracked files:
  (use "git add <file>..." to include in what will be committed)
        Git with Flow plugin.txt

nothing added to commit but untracked files present (use "git add" to track)

*********** Добавляем созданный файл в git **********

c:\_my\_Courses\gitflow>git add "Git with Flow plugin.txt"
c:\_my\_Courses\gitflow>git status
On branch feature/myfeature
Changes to be committed:
  (use "git restore --staged <file>..." to unstage)
        new file:   Git with Flow plugin.txt

************** Коммитим  ******************
c:\_my\_Courses\gitflow>git commit -m "Add somr lines to file Git with Flow plugin.txt "
[feature/myfeature 7189c7c] Add somr lines to file Git with Flow plugin.txt
 1 file changed, 46 insertions(+), 1 deletion(-)

************** Пушим *********************
c:\_my\_Courses\gitflow>git push origin feature/myfeature
Enumerating objects: 5, done.
Counting objects: 100% (5/5), done.
Delta compression using up to 4 threads
Compressing objects: 100% (3/3), done.
Writing objects: 100% (3/3), 1.21 KiB | 1.21 MiB/s, done.
Total 3 (delta 0), reused 0 (delta 0), pack-reused 0
To https://github.com/Skysamara/gitflow.git
   bc2ff45..7189c7c  feature/myfeature -> feature/myfeature

************ Зкончили разработку фичи **********************
feature finish:
- перешли оратно в ветку devlop
- в develop перенесены все изменения из ветки "feature/myfeature"
- удалена ветка "feature/myfeature" 

c:\_my\_Courses\gitflow>git flow feature finish myfeature
Switched to branch 'develop'
Merge made by the 'recursive' strategy.
 Git with Flow plugin.txt | 76 ++++++++++++++++++++++++++++++++++++++++++++++++
 1 file changed, 76 insertions(+)
 create mode 100644 Git with Flow plugin.txt
To https://github.com/Skysamara/gitflow.git
 - [deleted]         feature/myfeature
Deleted branch feature/myfeature (was 34eb549).

Summary of actions:
- The feature branch 'feature/myfeature' was merged into 'develop'
- Feature branch 'feature/myfeature' has been locally deleted; it has been remotely deleted from 'origin'
- You are now on branch 'develop'

************ Отправляем на удаленный сервер *************

c:\_my\_Courses\gitflow>git push origin develop
Enumerating objects: 12, done.
Counting objects: 100% (12/12), done.
Delta compression using up to 4 threads
Compressing objects: 100% (11/11), done.
Writing objects: 100% (12/12), 2.28 KiB | 1.14 MiB/s, done.
Total 12 (delta 2), reused 0 (delta 0), pack-reused 0
remote: Resolving deltas: 100% (2/2), done.
remote:
remote: Create a pull request for 'develop' on GitHub by visiting:
remote:      https://github.com/Skysamara/gitflow/pull/new/develop
remote:
To https://github.com/Skysamara/gitflow.git
 * [new branch]      develop -> develop






